 1. На локальном репозитории сделать ветки для:

$ git branch Postman

$ git branch Jmeter

$ git branch Check_Lists

$ git branch Bug_Reports

$ git branch SQL

$ git branch Charles

$ git branch Mobile_testing

 2. Запушить все ветки на внешний репозиторий:

$ git push -u origin --all
Total 0 (delta 0), reused 0 (delta 0), pack-reused 0
To https://github.com/witruvianec/courses.git
 * [new branch]      Bug_Reports -> Bug_Reports
 * [new branch]      Charles -> Charles
 * [new branch]      Check_Lists -> Check_Lists
 * [new branch]      Jmeter -> Jmeter
 * [new branch]      Mobile_testing -> Mobile_testing
 * [new branch]      Postman -> Postman
 * [new branch]      SQL -> SQL
Branch 'asd' set up to track remote branch 'asd' from 'origin'.
Branch 'main' set up to track remote branch 'main' from 'origin'.
Branch 'Bug_Reports' set up to track remote branch 'Bug_Reports' from 'origin'.
Branch 'Charles' set up to track remote branch 'Charles' from 'origin'.
Branch 'Check_Lists' set up to track remote branch 'Check_Lists' from 'origin'.
Branch 'Jmeter' set up to track remote branch 'Jmeter' from 'origin'.
Branch 'Mobile_testing' set up to track remote branch 'Mobile_testing' from 'orgin'.
Branch 'Postman' set up to track remote branch 'Postman' from 'origin'.
Branch 'SQL' set up to track remote branch 'SQL' from 'origin'.

 3. В ветке Bug_Reports сделать текстовый документ со структурой баг репорта:

$ git checkout Bug_Reports
Switched to branch 'Bug_Reports'
Your branch is up to date with 'origin/Bug_Reports'.

$ touch structure_bg.txt

$ vim structure_bg.txt

$ git add structure_bg.txt

$ git commit -m "create structure_bg.txt"
[Bag_Reports 7ce70a9] create structure_bg.txt
 1 file changed, 6 insertions(+)

 4. Запушить структуру баг репорта на внешний репозиторий:

$ git push
Enumerating objects: 7, done.
Counting objects: 100% (7/7), done.
Delta compression using up to 4 threads
Compressing objects: 100% (5/5), done.
Writing objects: 100% (6/6), 730 bytes | 121.00 KiB/s, done.
Total 6 (delta 2), reused 0 (delta 0), pack-reused 0
remote: Resolving deltas: 100% (2/2), completed with 1 local object.
To https://github.com/witruvianec/courses.git
   f5962ea..7ce70a9  Bug_Reports -> Bug_Reports

5. Вмержить ветку Bug_Reports в Main:

$ git checkout main
Switched to branch 'main'
Your branch is up to date with 'origin/main'.

$ git merge Bag_Reports
Updating f5962ea..7ce70a9
Fast-forward
 structure_bg.txt | 6 ++++++
 1 file changed, 6 insertions(+)
 create mode 100644 structure_bg.txt

6. Запушить Main на внешний репозиторий:

$ git push
Total 0 (delta 0), reused 0 (delta 0), pack-reused 0
To https://github.com/witruvianec/courses.git
   f5962ea..7ce70a9  main -> main


7. В ветке Check_Lists набросать структуру чек листа:

$ git checkout Check_Lists
Switched to branch 'Check_Lists'
Your branch is up to date with 'origin/Check_Lists'.

$ touch structure_ch.txt

$ vim structure_ch.txt

$ git add structure_ch.txt

$ git commit -m "create ctructure_ch.txt"
[Check_Lists c9de8a1] create ctructure_ch.txt
 1 file changed, 4 insertions(+)

8. Запушить структуру на внешний репозиторий:

$ git push
Enumerating objects: 7, done.
Counting objects: 100% (7/7), done.
Delta compression using up to 4 threads
Compressing objects: 100% (5/5), done.
Writing objects: 100% (6/6), 604 bytes | 302.00 KiB/s, done.
Total 6 (delta 2), reused 0 (delta 0), pack-reused 0
remote: Resolving deltas: 100% (2/2), completed with 1 local object.
To https://github.com/witruvianec/courses.git
   f5962ea..c9de8a1  Check_Lists -> Check_Lists

$ git checkout main
Switched to branch 'main'
Your branch is up to date with 'origin/main'.
 
9. На внешнем репозитории сделать Pull Request ветки Check_Lists в Main:

 Делается в браузере.

10. Синхронизировать внешнюю и локальную ветки Main:

$ git fetch
remote: Enumerating objects: 4, done.
remote: Counting objects: 100% (4/4), done.
remote: Compressing objects: 100% (2/2), done.
remote: Total 2 (delta 1), reused 0 (delta 0), pack-reused 0
Unpacking objects: 100% (2/2), 704 bytes | 7.00 KiB/s, done.
From https://github.com/witruvianec/courses
   7ce70a9..64d27cb  main       -> origin/main

$ git pull
Updating 7ce70a9..64d27cb
Fast-forward
 structure_ch.txt | 4 ++++
 1 file changed, 4 insertions(+)
 create mode 100644 structure_ch.txt
